const area = document.querySelector('.term');
var textarea = $('.term');
var text = 'bash Portfolio.sh && apt update';

var i = 0;

runner();
function runner() {
      textarea.append(text.charAt(i));
      i++;
      setTimeout(
            function () {
                  if (i < text.length) {
                        runner();
                        console.log(i);
                  }
                  else {
                        textarea.append("<br>")
                        i = 0;
                        setTimeout(function () { feedbacker(); }, 800);
                  }
            }, Math.floor(Math.random() * 80) + 50);
}

var count = 0;
var time = 1;
function feedbacker() {

      let j = 4;
      while (--j) {
            textarea.append("[ " + count / 1000 + " ] " + output[i] + "<br>");
            i++;
      }
      window.scrollTo(0, document.body.scrollHeight);
      time = Math.floor(Math.random() * 4) + 1;
      count += time;
      setTimeout(
            function () {
                  if (i < output.length - 2) {
                        feedbacker();
                        console.log(i, output.length);
                  }
                  else {
                        textarea.append('<b style="padding-bottom: 10rem">Initialising...</b>');
                        area.scrollTop = area.scrollHeight;
                        setTimeout(
                              function () {
                                    $(".load").fadeOut(600);
                              }, 500);
                  }
            }, time);
}

var output = ["CPU0 microcode updated early to revision 0x1b, date = 2014-05-29",
      "Initializing cgroup subsys cpuset",
      "Initializing cgroup subsys cpu",
      "Initializing cgroup subsys cpuacct",
      "KERNEL supported cpus:",
      " Intel GenuineIntel",
      " AMD AuthenticAMD",
      " Centaur CentaurHauls",
      "e820: BIOS-provided physical RAM map:",
      "BIOS-e20: [mm 0x00000000000-0x009dfff] usable",
      "BIOS-e20: [mm 0x000000009e0-0x009ffff] reserved",
      "BIOS-e20: [mm 0x00000001000-0x00fffff] usable",
      "BIOS-e20: [mm 0x00000200000-0x00fffff] reserved",
      "BIOS-e20: [mm 0x00000202000-0x0003fff] usable",
      "BIOS-e20: [mm 0x00000400040-0x0004fff] reserved",
      "BIOS-e20: [mm 0x00000400050-0x0046fff] usable",
      "BIOS-e20: [mm 0x00000c97470-0x0047fff] ACPI NVS",
      "BIOS-e20: [mm 0x00000c9d480-0x004afff] type 20",
      "BIOS-e20: [mm 0x00000c9d4b0-0x0060fff] usable",
      "BIOS-e20: [mm 0x00000c9d610-0x0066fff] type 20",
      "BIOS-e20: [mm 0x00000c9d670-0x0068fff] usable",
      "BIOS-e20: [mm 0x00000c9d690-0x0072fff] type 20",
      "BIOS-e20: [mm 0x00000c9d730-0x0006fff] usable",
      "BIOS-e20: [mm 0x00000c9f070-0x000afff] type 20",
      "BIOS-e20: [mm 0x00000c9f0b0-0x0053fff] usable",
      "BIOS-e20: [mm 0x00000c9f540-0x005afff] type 20",
      "BIOS-e20: [mm 0x00000c9f5b0-0x0067fff] reserved",
      "BIOS-e20: [mm 0x00000c9f680-0x0079fff] type 20",
      "BIOS-e20: [mm 0x00000c9f7a0-0x007cfff] usable",
      "BIOS-e20: [mm 0x00000c9f7d0-0x007efff] type 20",
      "BIOS-e20: [mm 0x00000c9f7f0-0x0095fff] usable",
      "BIOS-e20: [mm 0x00000c9f960-0x009bfff] type 20",
      "BIOS-e20: [mm 0x00000c9f9c0-0x00a3fff] usable",
      "BIOS-e20: [mm 0x00000c9fa40-0x00a4fff] type 20",
      "BIOS-e20: [mm 0x00000c9fa50-0x00b3fff] usable",
      "BIOS-e20: [mm 0x00000c9fb40-0x00b4fff] type 20",
      "BIOS-e20: [mm 0x00000c9fb50-0x00bffff] usable",
      "BIOS-e20: [mm 0x00000c9fc00-0x00c4fff] type 20",
      "BIOS-e20: [mm 0x00000c9fc50-0x00f0fff] usable",
      "BIOS-e20: [mm 0x00000c9ff10-0x00f1fff] type 20",
      "BIOS-e20: [mm 0x00000c9ff20-0x0001fff] usable",
      "BIOS-e20: [mm 0x00000ca0020-0x0028fff] type 20",
      "BIOS-e20: [mm 0x00000ca0290-0x003cfff] usable",
      "BIOS-e20: [mm 0x00000ca03d0-0x003dfff] type 20",
      "BIOS-e20: [mm 0x00000ca03e0-0x003efff] usable",
      "BIOS-e20: [mm 0x00000ca03f0-0x0040fff] type 20",
      "BIOS-e20: [mm 0x00000ca0410-0x0041fff] usable",
      "BIOS-e20: [mm 0x00000ca0420-0x0046fff] type 20",
      "BIOS-e20: [mm 0x00000ca0470-0x005dfff] usable",
      "BIOS-e20: [mm 0x00000ca05e0-0x00bdfff] reserved",
      "BIOS-e20: [mm 0x00000ca0be0-0x00d7fff] type 20",
      "BIOS-e20: [mm 0x00000ca0d80-0x0001fff] reserved",
      "BIOS-e20: [mm 0x00000ca6020-0x0081fff] ACPI NVS",
      "BIOS-e20: [mm 0x00000ca8820-0x0086fff] ACPI data",
      "BIOS-e20: [mm 0x00000ca8870-0x0087fff] usable",
      "BIOS-e20: [mm 0x00000ca8880-0x00cafff] ACPI NVS",
      "BIOS-e20: [mm 0x00000ca8cb0-0x00d7fff] usable",
      "BIOS-e20: [mm 0x00000cacd80-0x00f3fff] reserved",
      "BIOS-e20: [mm 0x00000caff40-0x00fffff] usable",
      "BIOS-e20: [mm 0x00000cbc000-0x00fffff] reserved",
      "BIOS-e20: [mm 0x00000f80000-0x00fffff] reserved",
      "BIOS-e20: [mm 0x00000fec000-0x0000fff] reserved",
      "BIOS-e20: [mm 0x00000fed000-0x0003fff] reserved",
      "BIOS-e20: [mm 0x00000fed1c0-0x001ffff] reserved",
      "BIOS-e20: [mm 0x00000fee000-0x0000fff] reserved",
      "BIOS-e20: [mm 0x00000ff0000-0x00fffff] reserved",
      "BIOS-e20: [mm 0x00000000000-0x00fffff] usable",
      "NX (Execute Disable) protection: active",
      "efi: EFI v2.31 by American Megatrends",
      "efi: ACPI=0xca852000 ACPI 2.0=0xca852000 SMBIOS=0xca100398 ",
      "SMBIOS 2.7 present.",
      "DMI: ASUSTeK COMPUTER INC. N56VZ/N56VZ, BIOS N56VZ.217 05/22/2013",
      "e820: update [mem 0x00000000-0x00000fff] usable ==> reserved",
      "e820: remove [mem 0x000a0000-0x000fffff] usable",
      "AGP: No AGP bridge found",
      "e820: last_pfn = 0x42f200 max_arch_pfn = 0x400000000",
      "MTRR default type: uncachable",
      "MTRR fixed ranges enabled:",
      " 00000-9FFFF write-back",
      " A0000-DFFFF uncachable",
      " E0000-FFFFF write-protect",
      "MTRR variable ranges enabled:",
      " 0 base 000000000 mask C00000000 write-back",
      " 1 base 400000000 mask FE0000000 write-back",
      " 2 base 420000000 mask FF0000000 write-back",
      " 3 base 0E0000000 mask FE0000000 uncachable",
      " 4 base 0D0000000 mask FF0000000 uncachable",
      " 5 base 0CC000000 mask FFC000000 uncachable",
      " 6 base 0CBC00000 mask FFFC00000 uncachable",
      " 7 base 42F800000 mask FFF800000 uncachable",
      " 8 base 42F400000 mask FFFC00000 uncachable",
      " 9 base 42F200000 mask FFFE00000 uncachable",
      "PAT configuration [0-7]: WB WC UC- UC WB WC UC- UC ",
      "original variable MTRRs",
      "reg 0, base: 0GB, range: 16GB, type WB",
      "reg 1, base: 16GB, range: 512MB, type WB",
      "reg 2, base: 16896MB, range: 256MB, type WB",
      "reg 3, base: 3584MB, range: 512MB, type UC",
      "reg 4, base: 3328MB, range: 256MB, type UC",
      "reg 5, base: 3264MB, range: 64MB, type UC",
      "reg 6, base: 3260MB, range: 4MB, type UC",
      "reg 7, base: 17144MB, range: 8MB, type UC",
      "reg 8, base: 17140MB, range: 4MB, type UC",
      "reg 9, base: 17138MB, range: 2MB, type UC",
      "total RAM covered: 16302M",
      " gran_size: 64K chunk_size: 64K lose cover RAM: 242M",
      " gran_size: 64K chunk_size: 128K lose cover RAM: 242M",
      " gran_size: 64K chunk_size: 256K lose cover RAM: 242M",
      " gran_size: 64K chunk_size: 512K lose cover RAM: 242M",
      " gran_size: 64K chunk_size: 1M  lose cover RAM: 242M",
      " gran_size: 64K chunk_size: 2M  lose cover RAM: 242M",
      " gran_size: 64K chunk_size: 4M  lose cover RAM: 242M",
      " gran_size: 64K chunk_size: 8M  lose cover RAM: 50M",
      "*BAD*gran_size: 64K chunk_size: 16M  lose cover RAM: -12M",
      "*BAD*gran_size: 64K chunk_size: 32M  lose cover RAM: -12M",
      "*BAD*gran_size: 64K chunk_size: 64M  lose cover RAM: -12M",
      "*BAD*gran_size: 64K chunk_size: 128M lose cover RAM: -12M",
      "*BAD*gran_size: 64K chunk_size: 256M lose cover RAM: -12M",
      "*BAD*gran_size: 64K chunk_size: 512M lose cover RAM: -268M",
      "*BAD*gran_size: 64K chunk_size: 1G  lose cover RAM: -264M",
      "*BAD*gran_size: 64K chunk_size: 2G  lose cover RAM: -1288M",
      " gran_size: 128K chunk_size: 128K 	lose cover RAM: 242M",
      " gran_size: 128K chunk_size: 256K 	lose cover RAM: 242M",
      " gran_size: 128K chunk_size: 512K 	lose cover RAM: 242M",
      " gran_size: 128K chunk_size: 1M 	lose cover RAM: 242M",
      " gran_size: 128K chunk_size: 2M 	lose cover RAM: 242M",
      " gran_size: 128K chunk_size: 4M 	lose cover RAM: 242M",
      " gran_size: 128K chunk_size: 8M 	lose cover RAM: 50M",
      "*BAD*gran_size: 128K chunk_size: 16M  lose cover RAM: -12M",
      "*BAD*gran_size: 128K chunk_size: 32M  lose cover RAM: -12M",
      "*BAD*gran_size: 128K chunk_size: 64M  lose cover RAM: -12M",
      "*BAD*gran_size: 128K chunk_size: 128M lose cover RAM: -12M",
      "*BAD*gran_size: 128K chunk_size: 256M lose cover RAM: -12M",
      "*BAD*gran_size: 128K chunk_size: 512M lose cover RAM: -268M",
      "*BAD*gran_size: 128K chunk_size: 1G  lose cover RAM: -264M",
      "*BAD*gran_size: 128K chunk_size: 2G  lose cover RAM: -1288M",
      " gran_size: 256K chunk_size: 256K lose cover RAM: 242M",
      " gran_size: 256K chunk_size: 512K lose cover RAM: 242M",
      " gran_size: 256K chunk_size: 1M  lose cover RAM: 242M",
      " gran_size: 256K chunk_size: 2M  lose cover RAM: 242M",
      " gran_size: 256K chunk_size: 4M  lose cover RAM: 242M",
      " gran_size: 256K chunk_size: 8M  lose cover RAM: 50M",
      "*BAD*gran_size: 256K chunk_size: 16M lose cover RAM: -12M",
      "*BAD*gran_size: 256K chunk_size: 32M lose cover RAM: -12M",
      "*BAD*gran_size: 256K chunk_size: 64M lose cover RAM: -12M",
      "*BAD*gran_size: 256K chunk_size: 128M lose cover RAM: -12M",
      "*BAD*gran_size: 256K chunk_size: 256M lose cover RAM: -12M",
      "*BAD*gran_size: 256K chunk_size: 512M lose cover RAM: -268M",
      "*BAD*gran_size: 256K chunk_size: 1G  lose cover RAM: -264M",
      "*BAD*gran_size: 256K chunk_size: 2G  lose cover RAM: -1288M",
      " gran_size: 512K chunk_size: 512K lose cover RAM: 242M",
      " gran_size: 512K chunk_size: 1M  lose cover RAM: 242M",
      " gran_size: 512K chunk_size: 2M  lose cover RAM: 242M",
      " gran_size: 512K chunk_size: 4M  lose cover RAM: 242M",
      " gran_size: 512K chunk_size: 8M  lose cover RAM: 50M",
      "*BAD*gran_size: 512K chunk_size: 16M lose cover RAM: -12M",
      "*BAD*gran_size: 512K chunk_size: 32M lose cover RAM: -12M",
      "*BAD*gran_size: 512K chunk_size: 64M lose cover RAM: -12M",
      "*BAD*gran_size: 512K chunk_size: 128M lose cover RAM: -12M",
      "*BAD*gran_size: 512K chunk_size: 256M lose cover RAM: -12M",
      "*BAD*gran_size: 512K chunk_size: 512M lose cover RAM: -268M",
      "*BAD*gran_size: 512K chunk_size: 1G  lose cover RAM: -264M",
      "*BAD*gran_size: 512K chunk_size: 2G  lose cover RAM: -1288M",
      " gran_size: 1M 	chunk_size: 1M  lose cover RAM: 242M",
      " gran_size: 1M 	chunk_size: 2M  lose cover RAM: 242M",
      " gran_size: 1M 	chunk_size: 4M  lose cover RAM: 242M",
      " gran_size: 1M 	chunk_size: 8M  lose cover RAM: 50M",
      "*BAD*gran_size: 1M chunk_size: 16M lose cover RAM: -12M",
      "*BAD*gran_size: 1M chunk_size: 32M lose cover RAM: -12M",
      "*BAD*gran_size: 1M chunk_size: 64M lose cover RAM: -12M",
      "*BAD*gran_size: 1M chunk_size: 128M lose cover RAM: -12M",
      "*BAD*gran_size: 1M chunk_size: 256M lose cover RAM: -12M",
      "*BAD*gran_size: 1M chunk_size: 512M lose cover RAM: -268M",
      "*BAD*gran_size: 1M chunk_size: 1G  lose cover RAM: -264M",
      "*BAD*gran_size: 1M chunk_size: 2G  lose cover RAM: -1288M",
      " gran_size: 2M 	chunk_size: 2M   lose cover RAM: 242M",
      " gran_size: 2M 	chunk_size: 4M   lose cover RAM: 242M",
      " gran_size: 2M 	chunk_size: 8M   lose cover RAM: 50M",
      "*BAD*gran_size: 2M chunk_size: 16M lose cover RAM: -12M",
      "*BAD*gran_size: 2M chunk_size: 32M lose cover RAM: -12M",
      "*BAD*gran_size: 2M chunk_size: 64M lose cover RAM: -12M",
      "*BAD*gran_size: 2M chunk_size: 128M lose cover RAM: -12M",
      "*BAD*gran_size: 2M chunk_size: 256M lose cover RAM: -12M",
      "*BAD*gran_size: 2M chunk_size: 512M lose cover RAM: -268M",
      "*BAD*gran_size: 2M chunk_size: 1G 	 lose cover RAM: -264M",
      "*BAD*gran_size: 2M chunk_size: 2G 	 lose cover RAM: -1288M",
      " gran_size: 4M 	chunk_size: 4M 	 lose cover RAM: 242M",
      " gran_size: 4M 	chunk_size: 8M 	 lose cover RAM: 50M",
      " gran_size: 4M 	chunk_size: 16M 	 lose cover RAM: 50M",
      " gran_size: 4M 	chunk_size: 32M 	 lose cover RAM: 2M",
      " gran_size: 4M 	chunk_size: 64M 	 lose cover RAM: 2M",
      " gran_size: 4M 	chunk_size: 128M 	 lose cover RAM: 2M",
      " gran_size: 4M 	chunk_size: 256M 	 lose cover RAM: 2M",
      "*BAD*gran_size: 4M chunk_size: 64M lose cover RAM: -254M",
      " gran_size: 4M chunk_size: 1G 	 lose cover RAM: 2M",
      "*BAD*gran_size: 4M chunk_size: 2G 	 lose cover RAM: -1022M",
      " gran_size: 8M 	chunk_size: 8M 	 lose cover RAM: 118M",
      " gran_size: 8M 	chunk_size: 16M 	 lose cover RAM: 54M",
      " gran_size: 8M 	chunk_size: 32M 	 lose cover RAM: 6M",
      " gran_size: 8M 	chunk_size: 64M 	 lose cover RAM: 6M",
      " gran_size: 8M 	chunk_size: 128M 	 lose cover RAM: 6M",
      " gran_size: 8M 	chunk_size: 256M 	 lose cover RAM: 6M",
      "*BAD*gran_size: 8M chunk_size: 32M lose cover RAM: -250M",
      " gran_size: 8M   chunk_size: 1G lose cover RAM: 6M",
      "*BAD*gran_size: 8M chunk_size: 2G lose cover RAM: -1018M",
      " gran_size: 16M 	chunk_size: 16M 	lose cover RAM: 62M",
      " gran_size: 16M 	chunk_size: 32M 	lose cover RAM: 14M",
      " gran_size: 16M 	chunk_size: 64M 	lose cover RAM: 14M",
      " gran_size: 16M 	chunk_size: 128M 	lose cover RAM: 14M",
      " gran_size: 16M 	chunk_size: 256M 	lose cover RAM: 14M",
      "*BAD*gran_size: 16M chunk_size: 2M lose cover RAM: -242M",
      " gran_size: 16M 	chunk_size: 1G  lose cover RAM: 14M",
      "*BAD*gran_size: 16M chunk_size: 2G lose cover RAM: -1010M",
      " gran_size: 32M 	chunk_size: 32M 	lose cover RAM: 46M",
      " gran_size: 32M 	chunk_size: 64M 	lose cover RAM: 46M",
      " gran_size: 32M 	chunk_size: 128M 	lose cover RAM: 46M",
      " gran_size: 32M 	chunk_size: 256M 	lose cover RAM: 46M",
      "*BAD*gran_size: 32M chunk_size: 8M lose cover RAM: -210M",
      " gran_size: 32M 	chunk_size: 1G 	lose cover RAM: 46M",
      "*BAD*gran_size: 32M chunk_size: 2G lose cover RAM: -978M",
      " gran_size: 64M 	chunk_size: 64M   lose cover RAM: 110M",
      " gran_size: 64M 	chunk_size: 128M  lose cover RAM: 110M",
      " gran_size: 64M 	chunk_size: 256M  lose cover RAM: 110M",
      " gran_size: 64M 	chunk_size: 512M 	lose cover RAM: 110M",
      " gran_size: 64M 	chunk_size: 1G 	lose cover RAM: 110M",
      " gran_size: 64M 	chunk_size: 2G 	lose cover RAM: 110M",
      " gran_size: 128M chunk_size: 128M 	lose cover RAM: 174M",
      " gran_size: 128M chunk_size: 256M 	lose cover RAM: 174M",
      " gran_size: 128M chunk_size: 512M 	lose cover RAM: 174M",
      " gran_size: 128M chunk_size: 1G 	lose cover RAM: 174M",
      " gran_size: 128M chunk_size: 2G 	lose cover RAM: 174M",
      " gran_size: 256M chunk_size: 512M 	lose cover RAM: 430M",
      " gran_size: 256M chunk_size: 256M 	lose cover RAM: 430M",
      " gran_size: 256M chunk_size: 1G 	lose cover RAM: 430M",
      " gran_size: 256M chunk_size: 2G 	lose cover RAM: 430M",
      " gran_size: 512M chunk_size: 512M 	lose cover RAM: 430M",
      " gran_size: 512M chunk_size: 1G 	lose cover RAM: 430M",
      " gran_size: 512M chunk_size: 2G 	lose cover RAM: 430M",
      " gran_size: 1G 	chunk_size: 1G 	lose cover RAM: 942M",
      " gran_size: 1G 	chunk_size: 2G 	lose cover RAM: 942M",
      " gran_size: 2G 	chunk_size: 2G 	lose cover RAM: 1966M",
      "mtrr_cleanup: can not find optimal value",
      "please specify mtrr_gran_size/mtrr_chunk_size",
      "e20: update [mem 0xcbc000-0xffffff] usable ==> reserved",
      "e20: last_pfn = 0xcb000 max_arch_pfn = 0x400000000",
      "Scanning 1 areas for low memory corruption",
      "Base memory trampoline at [ffff8800980] 98000 size 24576",
      "init_memory_mapping: [mem 0x00000000-0x000fffff]",
      " [mem 0x00000000-0x000fffff] page 4k",
      "BRK [0x01fe5000, 0x01fe5fff] PGTABLE",
      "BRK [0x01fe6000, 0x01fe6fff] PGTABLE",
      "BRK [0x01fe7000, 0x01fe7fff] PGTABLE",
      "init_memory_mapping: [mem 0x42f000000-0x42f1fffff]",
      " [mem 0x42f000000-0x42f1fffff] page 2M",
      "BRK [0x01fe8000, 0x01fe8fff] PGTABLE",
      "init_memory_mapping: [mem 0x420000000-0x42effffff]",
      " [mem 0x420000000-0x42effffff] page 2M",
      "init_memory_mapping: [mem 0x400000000-0x41fffffff]",
      " [mem 0x400000000-0x41fffffff] page 2M",
      "init_memory_mapping: [mem 0x00100000-0x1fffffff]",
      " [mem 0x00100000-0x001fffff] page 4k",
      " [mem 0x00200000-0x1fffffff] page 2M",
      "init_memory_mapping: [mem 0x20200000-0x40003fff]",
      " [mem 0x20200000-0x3fffffff] page 2M",
      " [mem 0x40000000-0x40003fff] page 4k",
      "BRK [0x01fe9000, 0x01fe9fff] PGTABLE",
      "BRK [0x01fea000, 0x01feafff] PGTABLE",
      "init_memory_mapping: [mem 0x40005000-0xc9746fff]",
      " [mem 0x40005000-0x401fffff] page 4k",
      " [mem 0x40200000-0xc95fffff] page 2M",
      " [mem 0xc9600000-0xc9746fff] page 4k",
      "init_memory_mapping: [mem 0xc9d4b000-0xc9d60fff]",
      " [mem 0xc9d4b000-0xc9d60fff] page 4k",
      "init_memory_mapping: [mem 0xc9d67000-0xc9d68fff]",
      " [mem 0xc9d67000-0xc9d68fff] page 4k",
      "init_memory_mapping: [mem 0xc9d73000-0xc9f06fff]",
      " [mem 0xc9d73000-0xc9f06fff] page 4k",
      "init_memory_mapping: [mem 0xc9f0b000-0xc9f53fff]",
      " [mem 0xc9f0b000-0xc9f53fff] page 4k",
      "init_memory_mapping: [mem 0xc9f7a000-0xc9f7cfff]",
      " [mem 0xc9f7a000-0xc9f7cfff] page 4k",
      "init_memory_mapping: [mem 0xc9f7f000-0xc9f95fff]",
      " [mem 0xc9f7f000-0xc9f95fff] page 4k",
      "init_memory_mapping: [mem 0xc9f9c000-0xc9fa3fff]",
      " [mem 0xc9f9c000-0xc9fa3fff] page 4k",
      "init_memory_mapping: [mem 0xc9fa5000-0xc9fb3fff]",
      " [mem 0xc9fa5000-0xc9fb3fff] page 4k",
      "init_memory_mapping: [mem 0xc9fb5000-0xc9fbffff]",
      " [mem 0xc9fb5000-0xc9fbffff] page 4k",
      "init_memory_mapping: [mem 0xc9fc5000-0xc9ff0fff]",
      " [mem 0xc9fc5000-0xc9ff0fff] page 4k",
      "init_memory_mapping: [mem 0xc9ff2000-0xca001fff]",
      " [mem 0xc9ff2000-0xca001fff] page 4k",
      "init_memory_mapping: [mem 0xca029000-0xca03cfff]",
      " [mem 0xca029000-0xca03cfff] page 4k",
      "init_memory_mapping: [mem 0xca03e000-0xca03efff]",
      " [mem 0xca03e000-0xca03efff] page 4k",
      "init_memory_mapping: [mem 0xca041000-0xca041fff]",
      " [mem 0xca041000-0xca041fff] page 4k",
      "init_memory_mapping: [mem 0xca047000-0xca05dfff]",
      " [mem 0xca047000-0xca05dfff] page 4k",
      "init_memory_mapping: [mem 0xca887000-0xca887fff]",
      " [mem 0xca887000-0xca887fff] page 4k",
      "init_memory_mapping: [mem 0xca8cb000-0xcacd7fff]",
      " [mem 0xca8cb000-0xca9fffff] page 4k",
      " [mem 0xcaa00000-0xcabfffff] page 2M",
      " [mem 0xcac00000-0xcacd7fff] page 4k",
      "init_memory_mapping: [mem 0xcaff4000-0xcaffffff]",
      " [mem 0xcaff4000-0xcaffffff] page 4k",
      "init_memory_mapping: [mem 0x100000000-0x3ffffffff]",
      " [mem 0x100000000-0x3ffffffff] page 2M",
      "RAMDISK: [mem 0x357f2000-0x36bf0fff]",
      "Faking a node at [mem 0x0000000000000000-0x000000042f1fffff]",
      "NODE_DATA(0) allocated [mem 0x42f1e6000-0x42f1eafff]",
      "Zone ranges:",
      " DMA   [mem 0x00001000-0x00ffffff]",
      " DMA32  [mem 0x01000000-0xffffffff]",
      " Normal  [mem 0x100000000-0x42f1fffff]",
      "Movable zone start for each node",
      "Early memory node ranges",
      " node  0: [mem 0x00001000-0x0009dfff]",
      " node  0: [mem 0x00100000-0x1fffffff]",
      " node  0: [mem 0x20200000-0x40003fff]",
      " node  0: [mem 0x40005000-0xc9746fff]",
      " node  0: [mem 0xc9d4b000-0xc9d60fff]",
      " node  0: [mem 0xc9d67000-0xc9d68fff]",
      " node  0: [mem 0xc9d73000-0xc9f06fff]",
      " node  0: [mem 0xc9f0b000-0xc9f53fff]",
      " node  0: [mem 0xc9f7a000-0xc9f7cfff]",
      " node  0: [mem 0xc9f7f000-0xc9f95fff]",
      " node  0: [mem 0xc9f9c000-0xc9fa3fff]",
      " node  0: [mem 0xc9fa5000-0xc9fb3fff]",
      " node  0: [mem 0xc9fb5000-0xc9fbffff]",
      " node  0: [mem 0xc9fc5000-0xc9ff0fff]",
      " node  0: [mem 0xc9ff2000-0xca001fff]",
      " node  0: [mem 0xca029000-0xca03cfff]",
      " node  0: [mem 0xca03e000-0xca03efff]",
      " node  0: [mem 0xca041000-0xca041fff]",
      " node  0: [mem 0xca047000-0xca05dfff]",
      " node  0: [mem 0xca887000-0xca887fff]",
      " node  0: [mem 0xca8cb000-0xcacd7fff]",
      " node  0: [mem 0xcaff4000-0xcaffffff]",
      " node  0: [mem 0x100000000-0x42f1fffff]",
      "Initmem setup node 0 [mem 0x00001000-0x42f1fffff]",
      "On node 0 totalpages: 4165015",
      " DMA zone: 64 pages used for memmap",
      " DMA zone: 24 pages reserved",
      " DMA zone: 3997 pages, LIFO batch:0",
      " DMA32 zone: 12848 pages used for memmap",
      " DMA32 zone: 822266 pages, LIFO batch:31",
      " Normal zone: 52168 pages used for memmap",
      " Normal zone: 3338752 pages, LIFO batch:31",
      "Dentry cache hash table entries: 2097152 (order: 12, 16777216 bytes)",
      "Inode-cache hash table entries: 1048576 (order: 11, 8388608 bytes)",
      "Mount-cache hash table entries: 32768 (order: 6, 262144 bytes)",
      "Mountpoint-cache hash table entries: 32768 (order: 6, 262144 bytes)",
      "Initializing cgroup subsys memory",
      "Initializing cgroup subsys devices",
      "Initializing cgroup subsys freezer",
      "Initializing cgroup subsys net_cls",
      "Initializing cgroup subsys blkio",
      "Initializing cgroup subsys perf_event",
      "Initializing cgroup subsys net_prio",
      "Initializing cgroup subsys hugetlb",
      "CPU: Physical Processor ID: 0",
      "CPU: Processor Core ID: 0",
      "mce: CPU supports 9 MCE banks",
      "CPU0: Thermal monitoring enabled (TM1)",
      "process: using mwait in idle threads",
      "Last level iTLB entries: 4KB 512, 2MB 8, 4MB 8",
      "Last level dTLB entries: 4KB 512, 2MB 32, 4MB 32, 1GB 0",
      "Freeing SMP alternatives memory: 32K (ffff81e960 - fffff81e9e00)",
      "... version:        3",
      "... bit width:       48",
      "... generic registers:   4",
      "... value mask:       0000ffffffffffff",
      "... max period:       0000ffffffffffff",
      "... fixed-purpose events:  3",
      "... event mask:       000000070000000f",
      "x86: Booting SMP configuration:",
      ".... node #0, CPUs:   #1",
      "CPU1 microcode updated early to revision 0x1b, date = 2014-05-29",
      "NMI watchdog: enabled on all CPUs, consumes one hw-PMU counter.",
      " #2",
      "CPU2 microcode updated early to revision 0x1b, date = 2014-05-29",
      " #3",
      "CPU3 microcode updated early to revision 0x1b, date = 2014-05-29",
      " #4 #5 #6 #7",
      "x86: Booted up 1 node, 8 CPUs",
      "smpboot: Total of 8 processors activated (38312.68 BogoMIPS)",
      "devtmpfs: initialized",
      "evm: security.selinux",
      "evm: security.SMACK64",
      "evm: security.SMACK64EXEC",
      "evm: security.SMACK64TRANSMUTE",
      "evm: security.SMACK64MMAP",
      "evm: security.ima",
      "evm: security.capability",
      "acpi PNP0A08:00: _OSC: platform does not support [PCIeHotplug PME]",
      "acpi PNP0A08:00: _OSC: OS now controls [AER PCIeCapability]",
      "PCI host bridge to bus 0000:00",
      "pci_bus 0000:00: root [ 00-3e]",
      "pci_bus 0000:00: root [ 0x0000-0x0cf7]",
      "pci_bus 0000:00: root [ 0x0d00-0xffff]",
      "pci_bus 0000:00: root [ 0x0c00-0x0c3fff]",
      "pci_bus 0000:00: root [ 0x0a00-0x0bffff]",
      "pci_bus 0000:00: root [ 0x0c40-0x0c7fff]",
      "pci_bus 0000:00: root [ 0x0c80-0x0cbfff]",
      "pci_bus 0000:00: root [ 0x0cc0-0x0cffff]",
      "pci_bus 0000:00: root [ 0x0d00-0x0d3fff]",
      "pci_bus 0000:00: root [ 0x0d40-0x0d7fff]",
      "pci_bus 0000:00: root [ 0x0d80-0x0dbfff]",
      "pci_bus 0000:00: root [ 0x0dc0-0x0dffff]",
      "pci_bus 0000:00: root [ 0xe000-0xffffff]",
      "pci 0000:00:00.0: [8086:0154] type 00 class 0x060000",
      "pci 0000:00:01.0: [8086:0151] type 01 class 0x060400",
      "pci 0000:00:01.0: PME# supported from D0 D3hot D3cold",
      "pci 0000:00:01.0: System wakeup disabled by ACPI",
      "pci 0000:00:02.0: [8086:0166] type 00 class 0x030000",
      "pci 0000:00:02.0: reg 0x10: [mem 0xf7400000-0xf77fffff 64bit]",
      "pci 0000:00:02.0: reg 0x18: [mem 0xd0000000-0xdfffffff 64bit pref]",
      "pci 0000:00:02.0: reg 0x20: [io 0xf000-0xf03f]",
      "pci 0000:00:14.0: [8086:1e31] type 00 class 0x0c0330",
      "pci 0000:00:14.0: reg 0x10: [mem 0xf7a00000-0xf7a0ffff 64bit]",
      "pci 0000:00:14.0: PME# supported from D3hot D3cold",
      "pci 0000:00:14.0: System wakeup disabled by ACPI",
      "pci 0000:00:16.0: [8086:1e3a] type 00 class 0x078000",
      "pci 0000:00:16.0: reg 0x10: [mem 0xf7a1a000-0xf7a1a00f 64bit]",
      "pci 0000:00:16.0: PME# supported from D0 D3hot D3cold",
      "pci 0000:00:1a.0: [8086:1e2d] type 00 class 0x0c0320",
      "pci 0000:00:1a.0: reg 0x10: [mem 0xf7a18000-0xf7a183ff]",
      "pci 0000:00:1a.0: PME# supported from D0 D3hot D3cold",
      "pci 0000:00:1a.0: System wakeup disabled by ACPI",
      "pci 0000:00:1b.0: [8086:1e20] type 00 class 0x040300",
      "pci 0000:00:1b.0: reg 0x10: [mem 0xf7a10000-0xf7a13fff 64bit]",
      "pci 0000:00:1b.0: PME# supported from D0 D3hot D3cold",
      "pci 0000:00:1b.0: System wakeup disabled by ACPI",
      "pci 0000:00:1c.0: [8086:1e10] type 01 class 0x060400",
      "pci 0000:00:1c.0: PME# supported from D0 D3hot D3cold",
      "pci 0000:00:1c.1: [8086:1e12] type 01 class 0x060400",
      "pci 0000:00:1c.1: PME# supported from D0 D3hot D3cold",
      "pci 0000:00:1c.3: [8086:1e16] type 01 class 0x060400",
      "pci 0000:00:1c.3: PME# supported from D0 D3hot D3cold",
      "pci 0000:00:1c.3: System wakeup disabled by ACPI",
      "pci 0000:00:1d.0: [8086:1e26] type 00 class 0x0c0320",
      "pci 0000:00:1d.0: reg 0x10: [mem 0xf7a17000-0xf7a173ff]",
      "pci 0000:00:1d.0: PME# supported from D0 D3hot D3cold",
      "pci 0000:00:1d.0: System wakeup disabled by ACPI",
      "pci 0000:00:1f.0: [8086:1e59] type 00 class 0x060100",
      "pci 0000:00:1f.2: [8086:1e03] type 00 class 0x010601",
      "pci 0000:00:1f.2: reg 0x10: [io 0xf0b0-0xf0b7]",
      "pci 0000:00:1f.2: reg 0x14: [io 0xf0a0-0xf0a3]",
      "pci 0000:00:1f.2: reg 0x18: [io 0xf090-0xf097]",
      "pci 0000:00:1f.2: reg 0x1c: [io 0xf080-0xf083]",
      "pci 0000:00:1f.2: reg 0x20: [io 0xf060-0xf07f]",
      "pci 0000:00:1f.2: reg 0x24: [mem 0xf7a16000-0xf7a167ff]",
      "pci 0000:00:1f.2: PME# supported from D3hot",
      "pci 0000:00:1f.3: [8086:1e22] type 00 class 0x0c0500",
      "pci 0000:00:1f.3: reg 0x10: [mem 0xf7a15000-0xf7a150ff 64bit]",
      "pci 0000:00:1f.3: reg 0x20: [io 0xf040-0xf05f]",
      "pci 0000:01:00.0: [10de:0fd1] type 00 class 0x030000",
      "pci 0000:01:00.0: reg 0x10: [mem 0xf6000000-0xf6ffffff]",
      "pci 0000:01:00.0: reg 0x14: [mem 0xe0000000-0xefffffff 64bit pref]",
      "pci 0000:01:00.0: reg 0x1c: [mem 0xf0000000-0xf1ffffff 64bit pref]",
      "pci 0000:01:00.0: reg 0x24: [io 0xe000-0xe07f]",
      "pci 0000:01:00.0: reg 0x30: [mem 0xf7000000-0xf707ffff pref]",
      "pci 0000:00:01.0: PCI bridge to [bus 01]",
      "pci 0000:00:01.0:  bridge window [io 0xe000-0xefff]",
      "pci 0000:00:01.0:  bridge window [mem 0xf6000000-0xf70fffff]",
      "pci 0000:00:01.0:  bridge window [mem 0xe0000000-0xf1ffffff 64bit pref]",
      "pci 0000:00:1c.0: PCI bridge to [bus 02]",
      "pci 0000:03:00.0: [8086:0887] type 00 class 0x028000",
      "pci 0000:03:00.0: reg 0x10: [mem 0xf7900000-0xf7901fff 64bit]",
      "pci 0000:03:00.0: PME# supported from D0 D3hot D3cold",
      "pci 0000:03:00.0: System wakeup disabled by ACPI",
      "pci 0000:00:1c.1: PCI bridge to [bus 03]",
      "pci 0000:00:1c.1:  bridge window [mem 0xf7900000-0xf79fffff]",
      "pci 0000:04:00.0: [1969:1091] type 00 class 0x020000",
      "pci 0000:04:00.0: reg 0x10: [mem 0xf7800000-0xf783ffff 64bit]",
      "pci 0000:04:00.0: reg 0x18: [io 0xd000-0xd07f]",
      "pci 0000:04:00.0: PME# supported from D0 D1 D2 D3hot D3cold",
      "pci 0000:04:00.0: System wakeup disabled by ACPI",
      "pci 0000:00:1c.3: PCI bridge to [bus 04]",
      "pci 0000:00:1c.3:  bridge window [io 0xd000-0xdfff]",
      "pci 0000:00:1c.3:  bridge window [mem 0xf7800000-0xf78fffff]",
      "vgaarb: loaded",
      "vgaarb: bridge control possible 0000:01:00.0",
      "vgaarb: no bridge control possible 0000:00:02.0",
      "usbcore: registered new interface driver usbfs",
      "usbcore: registered new interface driver hub",
      "usbcore: registered new device driver usb",
      "PCI: Using ACPI for IRQ routing",
      "PCI: pci_cache_line_size set to 64 bytes",
      "e820: reserve RAM buffer [mem 0x0009e000-0x0009ffff]",
      "e820: reserve RAM buffer [mem 0x40004000-0x43ffffff]",
      "e820: reserve RAM buffer [mem 0xc9747000-0xcbffffff]",
      "e820: reserve RAM buffer [mem 0xc9d61000-0xcbffffff]",
      "e820: reserve RAM buffer [mem 0xc9d69000-0xcbffffff]",
      "e820: reserve RAM buffer [mem 0xc9f07000-0xcbffffff]",
      "e820: reserve RAM buffer [mem 0xc9f54000-0xcbffffff]",
      "e820: reserve RAM buffer [mem 0xc9f7d000-0xcbffffff]",
      "e820: reserve RAM buffer [mem 0xc9f96000-0xcbffffff]",
      "e820: reserve RAM buffer [mem 0xc9fa4000-0xcbffffff]",
      "e820: reserve RAM buffer [mem 0xc9fb4000-0xcbffffff]",
      "e820: reserve RAM buffer [mem 0xc9fc0000-0xcbffffff]",
      "e820: reserve RAM buffer [mem 0xc9ff1000-0xcbffffff]",
      "e820: reserve RAM buffer [mem 0xca002000-0xcbffffff]",
      "e820: reserve RAM buffer [mem 0xca03d000-0xcbffffff]",
      "e820: reserve RAM buffer [mem 0xca03f000-0xcbffffff]",
      "e820: reserve RAM buffer [mem 0xca042000-0xcbffffff]",
      "e820: reserve RAM buffer [mem 0xca05e000-0xcbffffff]",
      "e820: reserve RAM buffer [mem 0xca888000-0xcbffffff]",
      "e820: reserve RAM buffer [mem 0xcacd8000-0xcbffffff]",
      "e820: reserve RAM buffer [mem 0xcb000000-0xcbffffff]",
      "e820: reserve RAM buffer [mem 0x42f200000-0x42fffffff]",
      "NetLabel: Initializing",
      "NetLabel: domain hash size = 128",
      "NetLabel: protocols = UNLABELED CIPSOv4",
      "NetLabel: unlabeled traffic allowed by default",
      "hpet0: at MMIO 0xfed00000, IRQs 2, 8, 0, 0, 0, 0, 0, 0",
      "hpet0: 8 comparators, 64-bit 14.318180 MHz counter",
      "Switched to clocksource hpet",
      "system 00:00: [mem 0xfed40000-0xfed44fff] has been reserved",
      "system 00:00: Plug and Play ACPI device, IDs PNP0c01 (active)",
      "system 00:01: [io 0x0680-0x069f] has been reserved",
      "system 00:01: [io 0x1000-0x100f] has been reserved",
      "system 00:01: [io 0xffff] has been reserved",
      "system 00:01: [io 0xffff] has been reserved",
      "system 00:01: [io 0x0400-0x0453] could not be reserved",
      "system 00:01: [io 0x0458-0x047f] has been reserved",
      "system 00:01: [io 0x0500-0x057f] has been reserved",
      "system 00:01: [io 0x164e-0x164f] has been reserved",
      "system 00:01: Plug and Play ACPI device, IDs PNP0c02 (active)",
      "pnp 00:02: Plug and Play ACPI device, IDs PNP0b00 (active)",
      "system 00:03: [io 0x0454-0x0457] has been reserved",
      "system 00:03: Plug and Play ACPI device, IDs INT3f0d PNP0c02 (active)",
      "system 00:04: [io 0x04d0-0x04d1] has been reserved",
      "system 00:04: Plug and Play ACPI device, IDs PNP0c02 (active)",
      "pnp 00:06: Plug and Play ACPI device, IDs ATK3001 PNP030b (active)",
      "system 00:07: [mem 0xfed1c000-0xfed1ffff] has been reserved",
      "system 00:07: [mem 0xfed10000-0xfed17fff] has been reserved",
      "system 00:07: [mem 0xfed18000-0xfed18fff] has been reserved",
      "system 00:07: [mem 0xfed19000-0xfed19fff] has been reserved",
      "system 00:07: [mem 0xf8000000-0xfbffffff] has been reserved",
      "system 00:07: [mem 0xfed20000-0xfed3ffff] has been reserved",
      "system 00:07: [mem 0xfed90000-0xfed93fff] has been reserved",
      "system 00:07: [mem 0xfed45000-0xfed8ffff] has been reserved",
      "system 00:07: [mem 0xff000000-0xffffffff] has been reserved",
      "system 00:07: [mem 0xfee00000-0xfeefffff] could not be reserved",
      "system 00:07: [mem 0xcfe00000-0xcfe00fff] has been reserved",
      "system 00:07: Plug and Play ACPI device, IDs PNP0c02 (active)",
      "system 00:08: [mem 0xcfe00000-0xcfe00fff] has been reserved",
      "system 00:08: Plug and Play ACPI device, IDs PNP0c02 (active)",
      "system 00:09: [mem 0x20000000-0x201fffff] has been reserved",
      "system 00:09: [mem 0x40004000-0x40004fff] has been reserved",
      "system 00:09: Plug and Play ACPI device, IDs PNP0c01 (active)",
      "pnp: PnP ACPI: found 10 devices",
      "pci 0000:00:01.0: PCI bridge to [bus 01]",
      "pci 0000:00:01.0:  bridge window [io 0xe000-0xefff]",
      "pci 0000:00:01.0:  bridge window [mem 0xf6000000-0xf70fffff]",
      "pci 0000:00:01.0:  bridge window [mem 0xe0000000-0xf1ffffff 64bit pref]",
      "pci 0000:00:1c.0: PCI bridge to [bus 02]",
      "pci 0000:00:1c.1: PCI bridge to [bus 03]",
      "pci 0000:00:1c.1:  bridge window [mem 0xf7900000-0xf79fffff]",
      "pci 0000:00:1c.3: PCI bridge to [bus 04]",
      "pci 0000:00:1c.3:  bridge window [io 0xd000-0xdfff]",
      "pci 0000:00:1c.3:  bridge window [mem 0xf7800000-0xf78fffff]",
      "pci_bus 0000:00: resource 4 [io 0x0000-0x0cf7]",
      "pci_bus 0000:00: resource 5 [io 0x0d00-0xffff]",
      "pci_bus 0000:00: resource 6 [mem 0x000a0000-0x000bffff]",
      "pci_bus 0000:00: resource 7 [mem 0x000c0000-0x000c3fff]",
      "pci_bus 0000:00: resource 8 [mem 0x000c4000-0x000c7fff]",
      "pci_bus 0000:00: resource 9 [mem 0x000c8000-0x000cbfff]",
      "pci_bus 0000:00: resource 10 [mem 0x000cc000-0x000cffff]",
      "pci_bus 0000:00: resource 11 [mem 0x000d0000-0x000d3fff]",
      "pci_bus 0000:00: resource 12 [mem 0x000d4000-0x000d7fff]",
      "pci_bus 0000:00: resource 13 [mem 0x000d8000-0x000dbfff]",
      "pci_bus 0000:00: resource 14 [mem 0x000dc000-0x000dffff]",
      "pci_bus 0000:00: resource 15 [mem 0xcfe00000-0xfeafffff]",
      "pci_bus 0000:01: resource 0 [io 0xe000-0xefff]",
      "pci_bus 0000:01: resource 1 [mem 0xf6000000-0xf70fffff]",
      "pci_bus 0000:01: resource 2 [mem 0xe0000000-0xf1ffffff 64bit pref]",
      "pci_bus 0000:03: resource 1 [mem 0xf7900000-0xf79fffff]",
      "pci_bus 0000:04: resource 0 [io 0xd000-0xdfff]",
      "pci_bus 0000:04: resource 1 [mem 0xf7800000-0xf78fffff]",
      "NET: Registered protocol family 2",
      "TCP established hash table entries: 131072 (order: 8, 1048576 bytes)",
      "TCP bind hash table entries: 65536 (order: 8, 1048576 bytes)",
      "TCP: Hash tables configured (established 131072 bind 65536)",
      "TCP: reno registered",
      "UDP hash table entries: 8192 (order: 6, 262144 bytes)",
      "UDP-Lite hash table entries: 8192 (order: 6, 262144 bytes)",
      "NET: Registered protocol family 1",
      "microcode: CPU0 sig=0x306a9, pf=0x10, revision=0x1b",
      "microcode: CPU1 sig=0x306a9, pf=0x10, revision=0x1b",
      "microcode: CPU2 sig=0x306a9, pf=0x10, revision=0x1b",
      "microcode: CPU3 sig=0x306a9, pf=0x10, revision=0x1b",
      "microcode: CPU4 sig=0x306a9, pf=0x10, revision=0x1b",
      "microcode: CPU5 sig=0x306a9, pf=0x10, revision=0x1b",
      "microcode: CPU6 sig=0x306a9, pf=0x10, revision=0x1b",
      "microcode: CPU7 sig=0x306a9, pf=0x10, revision=0x1b",
      "Scanning for low memory corruption every 60 seconds",
      "futex hash table entries: 2048 (order: 5, 131072 bytes)",
      "Initialise system trusted keyring",
      "audit: initializing netlink subsys (disabled)",
      "audit: type=2000 audit(1436506904.680:1): initialized",
      "HugeTLB registered 2 MB page size, pre-allocated 0 pages",
      "zpool: loaded",
      "zbud: loaded",
      "VFS: Disk quotas dquot_6.5.2",
      "VFS: Dquot-cache hash table entries: 512 (order 0, 4096 bytes)",
      "fuse init (API version 7.23)",
      "Key type big_key registered",
      "Key type asymmetric registered",
      "Asymmetric key parser 'x509' registered",
      "Block layer SCSI generic (bsg) driver version 0.4 loaded (major 252)",
      "io scheduler noop registered",
      "io scheduler deadline registered (default)",
      "io scheduler cfq registered",
      "pci_hotplug: PCI Hot Plug PCI Core version: 0.5",
      "pciehp: PCI Express Hot Plug Controller Driver version: 0.4",
      "efifb: probing for efifb",
      "efifb: mode is 1920x1080x32, linelength=7680, pages=1",
      "efifb: scrolling: redraw",
      "efifb: Truecolor: size=8:8:8:8, shift=24:16:8:0",
      "Console: switching to colour frame buffer device 240x67",
      "fb0: EFI VGA frame buffer device",
      "intel_idle: MWAIT substates: 0x21120",
      "intel_idle: v0.4 model 0x3A",
      "intel_idle: lapic_timer_reliable_states 0xffffffff",
      "scsi 2:0:0:0: CD-ROM MATSHITA BD-CMB UJ160 1.00 PQ: 0 ANSI: 5",
      "sr 2:0:0:0: [sr0] scsi3-mmc drive: dvd-ram cd/rw xa/form2 cdda tray",
      "cdrom: Uniform CD-ROM driver Revision: 3.20",
      "sr 2:0:0:0: Attached scsi CD-ROM sr0",
      "sr 2:0:0:0: Attached scsi generic sg1 type 5",
      "EXT4-fs (sda4): INFO: recovery required on readonly filesystem",
      "EXT4-fs (sda4): write access will be enabled during recovery",
      "EXT4-fs (sda4): recovery complete",
      "EXT4-fs (sda4): mounted filesystem with ordered data mode. Opts: (null)",
      "usb 3-1.1: new full-speed USB device number 3 using ehci-pci",
      "usb 3-1.1: New USB device found, idVendor=8087, idProduct=07da",
      "usb 3-1.1: New USB device strings: Mfr=0, Product=0, SerialNumber=0",
      "systemd[1]: Inserted module 'autofs4'",
      "usb 3-1.3: new high-speed USB device number 4 using ehci-pci",
      "tsc: Refined TSC clocksource calibration: 2394.560 MHz",
      "usb 3-1.3: New USB device found, idVendor=1bcf, idProduct=2883",
      "usb 3-1.3: New USB device strings: Mfr=1, Product=2, SerialNumber=0",
      "usb 3-1.3: Product: ASUS USB2.0 Webcam",
      "usb 3-1.3: Manufacturer: 04G626000611BQ32E0008V1",
      "psmouse serio4: elantech: Synaptics query result 0x10, 0x15, 0x0d.",
      "input: ETPS/2 Elantech as /devices/platform/serio4/input/input11",
      "systemd[1]: Detected architecture x86-64.",
      "systemd[1]: Set hostname to <beezlebub>.",
      "Switched to clocksource tsc",
      "systemd[1]: Reached target Encrypted Volumes.",
      "systemd[1]: Starting Encrypted Volumes.",
      "systemd[1]: Created slice Root Slice.",
      "systemd[1]: Starting Root Slice.",
      "systemd[1]: Created slice System Slice.",
      "systemd[1]: Starting System Slice.",
      "systemd[1]: Reached target Remote File Systems (Pre).",
      "systemd[1]: Starting Remote File Systems (Pre).",
      "systemd[1]: Started Forward Password Requests to Directory Watch.",
      "systemd[1]: Starting Forward Password Requests to Directory Watch.",
      "systemd[1]: Listening on fsck to fsckd communication Socket.",
      "systemd[1]: Starting fsck to fsckd communication Socket.",
      "systemd[1]: Listening on Journal Audit Socket.",
      "systemd[1]: Starting Journal Audit Socket.",
      "systemd[1]: Listening on Journal Socket.",
      "systemd[1]: Starting Journal Socket.",
      "systemd[1]: Mounting Debug File System...",
      "systemd[1]: Started Braille Device Support.",
      "systemd[1]: Starting Braille Device Support...",
      "systemd[1]: Mounting POSIX Message Queue File System...",
      "systemd[1]: Starting Uncomplicated firewall...",
      "systemd[1]: Created slice system-systemd\x2dfsck.slice.",
      "systemd[1]: Starting system-systemd\x2dfsck.slice.",
      "systemd[1]: Starting Nameserver information manager...",
      "systemd[1]: Starting Increase datagram queue length...",
      "systemd[1]: Listening on udev Control Socket.",
      "systemd[1]: Starting udev Control Socket.",
      "systemd[1]: Started Read required files in advance.",
      "systemd[1]: Starting Read required files in advance...",
      "systemd[1]: Listening on Delayed Shutdown Socket.",
      "systemd[1]: Starting Delayed Shutdown Socket.",
      "systemd[1]: Starting Arbitrary Executable File Formats Point.",
      "systemd[1]: Started Set Up Additional Binary Formats.",
      "systemd[1]: Listening on udev Kernel Socket.",
      "systemd[1]: Starting udev Kernel Socket.",
      "systemd[1]: Starting Setup Virtual Console...",
      "systemd[1]: Listening on /dev/initctl Compatibility Named Pipe.",
      "systemd[1]: Starting /dev/initctl Compatibility Named Pipe.",
      "systemd[1]: Starting udev Coldplug all Devices...",
      "systemd[1]: Created slice system-getty.slice.",
      "systemd[1]: Starting system-getty.slice.",
      "systemd[1]: Created slice User and Session Slice.",
      "systemd[1]: Starting User and Session Slice.",
      "systemd[1]: Reached target Slices.",
      "systemd[1]: Starting Slices.",
      "systemd[1]: Mounting Huge Pages File System...",
      "systemd[1]: Listening on Journal Socket (/dev/log).",
      "systemd[1]: Starting Journal Socket (/dev/log).",
      "systemd[1]: Starting Load Kernel Modules...",
      "systemd[1]: Mounted POSIX Message Queue File System.",
      "systemd[1]: Mounted Huge Pages File System.",
      "systemd[1]: Mounted Debug File System.",
      "systemd[1]: Started Uncomplicated firewall.",
      "systemd[1]: Started Increase datagram queue length.",
      "systemd[1]: Started Setup Virtual Console.",
      "systemd[1]: Started Create list for the current kernel.",
      "systemd[1]: Started Nameserver information manager.",
      "lp: driver loaded but no devices found",
      "systemd[1]: Started udev Coldplug all Devices.",
      "ppdev: user-space parallel port driver",
      "systemd[1]: Starting udev Wait for Complete Device Initialization...",
      "systemd[1]: Starting Create Static Device Nodes in /dev...",
      "systemd[1]: Listening on Syslog Socket.",
      "systemd[1]: Starting Syslog Socket.",
      "systemd[1]: Starting Journal Service...",
      "systemd[1]: Started Load Kernel Modules.",
      "systemd[1]: Starting Apply Kernel Variables...",
      "systemd[1]: Mounted Configuration File System.",
      "systemd[1]: Mounting FUSE Control File System...",
      "systemd[1]: Mounted FUSE Control File System.",
      "systemd[1]: Started Create Static Device Nodes in /dev.",
      "systemd[1]: Starting udev Kernel Device Manager...",
      "systemd[1]: Started Apply Kernel Variables.",
      "systemd[1]: Started Journal Service.",
      "random: nonblocking pool is initialized",
      "wmi: Mapper loaded",
      "shpchp: Standard Hot Plug PCI Controller Driver version: 0.4",
      "ACPI: This conflict may cause random problems and system instability",
      "ACPI: This conflict may cause random problems and system instability",
      "ACPI: This conflict may cause random problems and system instability",
      "ACPI: This conflict may cause random problems and system instability",
      "[drm] Initialized drm 1.1.0 20060810",
      "cfg80211: Calling CRDA to update world regulatory domain",
      "Intel(R) Wireless WiFi driver for Linux, in-tree:",
      "Copyright(c) 2003- 2014 Intel Corporation",
      "iwlwifi 0000:03:00.0: can't disable ASPM; OS doesn't have ASPM control",
      "AVX version of gcm_enc/dec engaged.",
      "AES CTR mode by8 optimization enabled",
      "iwlwifi 0000:03:00.0: loaded firmware version 18.168.6.1 op_mode iwldvm",
      "device-mapper: multipath: version 1.7.0 loaded",
      "[drm] Memory usable by graphics device = 2048M",
      "checking generic (d0000000 7f0000) vs hw (d0000000 10000000)",
      "fb: switching to inteldrmfb from EFI VGA",
      "Console: switching to colour dummy device 80x25",
      "[drm] Replacing VGA console driver",
      "media: Linux media interface: v0.10",
      "Bluetooth: Core ver 2.20",
      "iwlwifi 0000:03:00.0: CONFIG_IWLWIFI_DEBUG disabled",
      "iwlwifi 0000:03:00.0: CONFIG_IWLWIFI_DEBUGFS enabled",
      "iwlwifi 0000:03:00.0: CONFIG_IWLWIFI_DEVICE_TRACING enabled",
      "NET: Registered protocol family 31",
      "Bluetooth: HCI device and connection manager initialized",
      "iwlwifi 0000:03:00.0: Detected Intel(R) Wireless-N 2230 BGN, REV=0xC8",
      "Bluetooth: HCI socket layer initialized",
      "Bluetooth: L2CAP socket layer initialized",
      "Bluetooth: SCO socket layer initialized",
      "iwlwifi 0000:03:00.0: L1 Enabled - LTR Disabled",
      "Linux video capture interface: v2.00",
      "usbcore: registered new interface driver btusb",
      "intel_rapl: Found RAPL domain package",
      "intel_rapl: Found RAPL domain core",
      "intel_rapl: Found RAPL domain uncore",
      "[drm] Supports vblank timestamp caching Rev 2 (21.10.2013).",
      "[drm] Driver supports precise vblank timestamp query.",
      "Deploy Initializing",
      "build-image version: c11c0eb9939c949 (focal)",
      "buildbot version: 55489dea6ef0428412532ca",
      "Fetching cached dependencies",
      "Starting to download cache of 2.8MB",
      "Finished downloading cache in 260ms",
      "Starting to extract cache",
      "Finished extracting cache in 10ms",
      "Finished fetching cache in 310ms",
      "Starting to prepare the repo for build",
      "Preparing Git Reference refs / heads / main",
      "Starting to install dependencies",
      "Python version set to 3.8",
      "Attempting Ruby version 2.7.2, read from environment",
      "Using Ruby version 2.7.2",
      "Started restoring cached go cache",
      "Finished restoring cached go cache",
      "go version go1.19.10 linux / amd64",
      "Using PHP version 8.0",
      "Downloading and installing node v18.16.1...",
      "Downloading https://nodejs.org/dist/v18.16.1/node-v18.16.1-linux-x64.tar.xz...",
      "Computing checksum with sha256sum",
      "Checksums matched!",
      "Now using node v18.16.1(npm v9.5.1)",
      "Enabling Node.js Corepack",
      "Started restoring cached build plugins",
      "Finished restoring cached build plugins",
      "Started restoring cached corepack dependencies",
      "Finished restoring cached corepack dependencies",
      "No npm workspaces detected",
      "Started restoring cached node modules",
      "Finished restoring cached node modules",
      "Installing npm packages using npm version 9.5.1",
      "added 92 packages, and audited 93 packages in 703ms",
      "11 packages are looking for funding",
      "run `npm fund` for details",
      "3 moderate severity vulnerabilities",
      "To address all issues(including breaking changes), run:",
      "npm audit fix--force",
      "Run `npm audit` for details.",
      "npm packages installed",
      "Install dependencies script success",
      "No build steps found, continuing to publishing",
      "Building",
      "Section completed: building",
      "Finished processing build request in 10.363s",
      "Deploying",
      "Starting to deploy site from 'public'",
      "Calculating files to upload",
      "0 new files to upload",
      "0 new functions to upload",
      "Section completed: deploying",
      "Cleanup Complete",
      "Uploading Cache of size 2.8MB",
      "Section completed: cleanup",
      "Post - processing",
      "Starting post processing",
      "Skipping HTML post processing",
      "Post processing - header rules",
      "Post processing - redirect rules",
      "Post processing done",
      "Section completed: postprocessing",
      "Site is live",
      "Finished processing build request in 1.363s",];